2026-02-12 14:04:54,708 | INFO | MainThread | MEDIDOR GUI startup
2026-02-12 14:04:55,653 | ERROR | MainThread | Model health refresh failed
Traceback (most recent call last):
  File "C:\Projects\medidor\gui.py", line 1650, in _refresh_model_health
    metrics = self._load_model_health(limit=60)
  File "C:\Projects\medidor\gui.py", line 1544, in _load_model_health
    raise RuntimeError('Missing dependency "psycopg[binary]".')
RuntimeError: Missing dependency "psycopg[binary]".
2026-02-12 14:04:55,656 | ERROR | MainThread | Latest prediction refresh failed
Traceback (most recent call last):
  File "C:\Projects\medidor\gui.py", line 1687, in _refresh_last_predicted_download
    value, predicted_ts, model_version = self._load_latest_download_prediction()
                                         ~~~~~~~~~~~~~~~~~~~~~~~~~~~~~~~~~~~~~^^
  File "C:\Projects\medidor\gui.py", line 1511, in _load_latest_download_prediction
    raise RuntimeError('Missing dependency "psycopg[binary]".')
RuntimeError: Missing dependency "psycopg[binary]".
2026-02-12 14:05:31,505 | ERROR | Thread-1 (_worker_loop) | Sample collection/storage failed
Traceback (most recent call last):
  File "C:\Projects\medidor\main.py", line 26, in <module>
    import psycopg
ModuleNotFoundError: No module named 'psycopg'

The above exception was the direct cause of the following exception:

Traceback (most recent call last):
  File "C:\Projects\medidor\gui.py", line 1161, in _collect_and_store
    append_sample_postgres(
    ~~~~~~~~~~~~~~~~~~~~~~^
        sample=sample,
        ^^^^^^^^^^^^^^
    ...<4 lines>...
        password=self.db_password_var.get(),
        ^^^^^^^^^^^^^^^^^^^^^^^^^^^^^^^^^^^^
    )
    ^
  File "C:\Projects\medidor\main.py", line 121, in append_sample_postgres
    _append_speed_sample_postgres(
    ~~~~~~~~~~~~~~~~~~~~~~~~~~~~~^
        sample=sample,
        ^^^^^^^^^^^^^^
    ...<6 lines>...
        index_name="ux_internet_speed_samples_natural",
        ^^^^^^^^^^^^^^^^^^^^^^^^^^^^^^^^^^^^^^^^^^^^^^^
    )
    ^
  File "C:\Projects\medidor\main.py", line 258, in _append_speed_sample_postgres
    raise RuntimeError(message) from POSTGRES_IMPORT_ERROR
RuntimeError: Missing dependency 'psycopg'. Install with:
  pip install "psycopg[binary]"
2026-02-12 14:06:15,630 | INFO | MainThread | MEDIDOR GUI startup
2026-02-12 14:06:16,347 | ERROR | MainThread | Model health refresh failed
Traceback (most recent call last):
  File "C:\Projects\medidor\gui.py", line 1650, in _refresh_model_health
    metrics = self._load_model_health(limit=60)
  File "C:\Projects\medidor\gui.py", line 1596, in _load_model_health
    with psycopg.connect(conninfo=conninfo) as conn:
         ~~~~~~~~~~~~~~~^^^^^^^^^^^^^^^^^^^
  File "C:\Projects\medidor\.venv\Lib\site-packages\psycopg\connection.py", line 129, in connect
    raise type(last_ex)("\n".join(lines)).with_traceback(None)
psycopg.OperationalError: connection failed: connection to server at "127.0.0.1", port 5432 failed: fe_sendauth: no password supplied
Multiple connection attempts failed. All failures were:
- host: 'localhost', port: '5432', hostaddr: '::1': connection failed: connection to server at "::1", port 5432 failed: fe_sendauth: no password supplied
- host: 'localhost', port: '5432', hostaddr: '127.0.0.1': connection failed: connection to server at "127.0.0.1", port 5432 failed: fe_sendauth: no password supplied
2026-02-12 14:06:16,446 | ERROR | MainThread | Latest prediction refresh failed
Traceback (most recent call last):
  File "C:\Projects\medidor\gui.py", line 1687, in _refresh_last_predicted_download
    value, predicted_ts, model_version = self._load_latest_download_prediction()
                                         ~~~~~~~~~~~~~~~~~~~~~~~~~~~~~~~~~~~~~^^
  File "C:\Projects\medidor\gui.py", line 1530, in _load_latest_download_prediction
    with psycopg.connect(conninfo=conninfo) as conn:
         ~~~~~~~~~~~~~~~^^^^^^^^^^^^^^^^^^^
  File "C:\Projects\medidor\.venv\Lib\site-packages\psycopg\connection.py", line 129, in connect
    raise type(last_ex)("\n".join(lines)).with_traceback(None)
psycopg.OperationalError: connection failed: connection to server at "127.0.0.1", port 5432 failed: fe_sendauth: no password supplied
Multiple connection attempts failed. All failures were:
- host: 'localhost', port: '5432', hostaddr: '::1': connection failed: connection to server at "::1", port 5432 failed: fe_sendauth: no password supplied
- host: 'localhost', port: '5432', hostaddr: '127.0.0.1': connection failed: connection to server at "127.0.0.1", port 5432 failed: fe_sendauth: no password supplied
2026-02-12 14:16:11,432 | INFO | MainThread | MEDIDOR GUI startup
2026-02-12 14:16:13,314 | ERROR | MainThread | Prediction history chart refresh failed
Traceback (most recent call last):
  File "c:\Projects\medidor\gui.py", line 1747, in _refresh_prediction_history_chart
    timestamps, values = self._load_prediction_history(limit=1000)
                         ~~~~~~~~~~~~~~~~~~~~~~~~~~~~~^^^^^^^^^^^^
  File "c:\Projects\medidor\gui.py", line 1489, in _load_prediction_history
    with psycopg.connect(conninfo=conninfo) as conn:
         ~~~~~~~~~~~~~~~^^^^^^^^^^^^^^^^^^^
  File "C:\Projects\medidor\.venv\Lib\site-packages\psycopg\connection.py", line 129, in connect
    raise type(last_ex)("\n".join(lines)).with_traceback(None)
psycopg.OperationalError: connection failed: connection to server at "127.0.0.1", port 5432 failed: fe_sendauth: no password supplied
Multiple connection attempts failed. All failures were:
- host: 'localhost', port: '5432', hostaddr: '::1': connection failed: connection to server at "::1", port 5432 failed: fe_sendauth: no password supplied
- host: 'localhost', port: '5432', hostaddr: '127.0.0.1': connection failed: connection to server at "127.0.0.1", port 5432 failed: fe_sendauth: no password supplied
2026-02-12 14:16:13,443 | ERROR | MainThread | Model health refresh failed
Traceback (most recent call last):
  File "c:\Projects\medidor\gui.py", line 1650, in _refresh_model_health
    metrics = self._load_model_health(limit=60)
  File "c:\Projects\medidor\gui.py", line 1596, in _load_model_health
    with psycopg.connect(conninfo=conninfo) as conn:
         ~~~~~~~~~~~~~~~^^^^^^^^^^^^^^^^^^^
  File "C:\Projects\medidor\.venv\Lib\site-packages\psycopg\connection.py", line 129, in connect
    raise type(last_ex)("\n".join(lines)).with_traceback(None)
psycopg.OperationalError: connection failed: connection to server at "127.0.0.1", port 5432 failed: fe_sendauth: no password supplied
Multiple connection attempts failed. All failures were:
- host: 'localhost', port: '5432', hostaddr: '::1': connection failed: connection to server at "::1", port 5432 failed: fe_sendauth: no password supplied
- host: 'localhost', port: '5432', hostaddr: '127.0.0.1': connection failed: connection to server at "127.0.0.1", port 5432 failed: fe_sendauth: no password supplied
2026-02-12 14:16:13,539 | ERROR | MainThread | Latest prediction refresh failed
Traceback (most recent call last):
  File "c:\Projects\medidor\gui.py", line 1687, in _refresh_last_predicted_download
    value, predicted_ts, model_version = self._load_latest_download_prediction()
                                         ~~~~~~~~~~~~~~~~~~~~~~~~~~~~~~~~~~~~~^^
  File "c:\Projects\medidor\gui.py", line 1530, in _load_latest_download_prediction
    with psycopg.connect(conninfo=conninfo) as conn:
         ~~~~~~~~~~~~~~~^^^^^^^^^^^^^^^^^^^
  File "C:\Projects\medidor\.venv\Lib\site-packages\psycopg\connection.py", line 129, in connect
    raise type(last_ex)("\n".join(lines)).with_traceback(None)
psycopg.OperationalError: connection failed: connection to server at "127.0.0.1", port 5432 failed: fe_sendauth: no password supplied
Multiple connection attempts failed. All failures were:
- host: 'localhost', port: '5432', hostaddr: '::1': connection failed: connection to server at "::1", port 5432 failed: fe_sendauth: no password supplied
- host: 'localhost', port: '5432', hostaddr: '127.0.0.1': connection failed: connection to server at "127.0.0.1", port 5432 failed: fe_sendauth: no password supplied
2026-02-12 14:30:06,284 | ERROR | Thread-1336 (_worker_loop) | Sample collection/storage failed
Traceback (most recent call last):
  File "C:\Projects\medidor\.venv\Lib\site-packages\speedtest.py", line 1493, in get_best_server
    fastest = sorted(results.keys())[0]
              ~~~~~~~~~~~~~~~~~~~~~~^^^
IndexError: list index out of range

During handling of the above exception, another exception occurred:

Traceback (most recent call last):
  File "c:\Projects\medidor\gui.py", line 1154, in _collect_and_store
    sample = collect_sample(timeout=timeout)
  File "c:\Projects\medidor\main.py", line 71, in collect_sample
    st.get_best_server()
    ~~~~~~~~~~~~~~~~~~^^
  File "C:\Projects\medidor\.venv\Lib\site-packages\speedtest.py", line 1495, in get_best_server
    raise SpeedtestBestServerFailure('Unable to connect to servers to '
                                     'test latency.')
speedtest.SpeedtestBestServerFailure: Unable to connect to servers to test latency.
2026-02-12 14:30:12,855 | ERROR | Thread-1336 (_worker_loop) | Sample collection/storage failed
Traceback (most recent call last):
  File "C:\Projects\medidor\.venv\Lib\site-packages\speedtest.py", line 1493, in get_best_server
    fastest = sorted(results.keys())[0]
              ~~~~~~~~~~~~~~~~~~~~~~^^^
IndexError: list index out of range

During handling of the above exception, another exception occurred:

Traceback (most recent call last):
  File "c:\Projects\medidor\gui.py", line 1154, in _collect_and_store
    sample = collect_sample(timeout=timeout)
  File "c:\Projects\medidor\main.py", line 71, in collect_sample
    st.get_best_server()
    ~~~~~~~~~~~~~~~~~~^^
  File "C:\Projects\medidor\.venv\Lib\site-packages\speedtest.py", line 1495, in get_best_server
    raise SpeedtestBestServerFailure('Unable to connect to servers to '
                                     'test latency.')
speedtest.SpeedtestBestServerFailure: Unable to connect to servers to test latency.
2026-02-12 15:22:41,570 | INFO | MainThread | MEDIDOR GUI startup
2026-02-12 15:22:42,890 | ERROR | MainThread | Prediction history chart refresh failed
Traceback (most recent call last):
  File "C:\Projects\medidor\gui.py", line 1747, in _refresh_prediction_history_chart
    timestamps, values = self._load_prediction_history(limit=1000)
                         ~~~~~~~~~~~~~~~~~~~~~~~~~~~~~^^^^^^^^^^^^
  File "C:\Projects\medidor\gui.py", line 1489, in _load_prediction_history
    with psycopg.connect(conninfo=conninfo) as conn:
         ~~~~~~~~~~~~~~~^^^^^^^^^^^^^^^^^^^
  File "C:\Projects\medidor\.venv\Lib\site-packages\psycopg\connection.py", line 129, in connect
    raise type(last_ex)("\n".join(lines)).with_traceback(None)
psycopg.OperationalError: connection failed: connection to server at "127.0.0.1", port 5432 failed: fe_sendauth: no password supplied
Multiple connection attempts failed. All failures were:
- host: 'localhost', port: '5432', hostaddr: '::1': connection failed: connection to server at "::1", port 5432 failed: fe_sendauth: no password supplied
- host: 'localhost', port: '5432', hostaddr: '127.0.0.1': connection failed: connection to server at "127.0.0.1", port 5432 failed: fe_sendauth: no password supplied
2026-02-12 15:22:43,036 | ERROR | MainThread | Model health refresh failed
Traceback (most recent call last):
  File "C:\Projects\medidor\gui.py", line 1650, in _refresh_model_health
    metrics = self._load_model_health(limit=60)
  File "C:\Projects\medidor\gui.py", line 1596, in _load_model_health
    with psycopg.connect(conninfo=conninfo) as conn:
         ~~~~~~~~~~~~~~~^^^^^^^^^^^^^^^^^^^
  File "C:\Projects\medidor\.venv\Lib\site-packages\psycopg\connection.py", line 129, in connect
    raise type(last_ex)("\n".join(lines)).with_traceback(None)
psycopg.OperationalError: connection failed: connection to server at "127.0.0.1", port 5432 failed: fe_sendauth: no password supplied
Multiple connection attempts failed. All failures were:
- host: 'localhost', port: '5432', hostaddr: '::1': connection failed: connection to server at "::1", port 5432 failed: fe_sendauth: no password supplied
- host: 'localhost', port: '5432', hostaddr: '127.0.0.1': connection failed: connection to server at "127.0.0.1", port 5432 failed: fe_sendauth: no password supplied
2026-02-12 15:22:43,177 | ERROR | MainThread | Latest prediction refresh failed
Traceback (most recent call last):
  File "C:\Projects\medidor\gui.py", line 1687, in _refresh_last_predicted_download
    value, predicted_ts, model_version = self._load_latest_download_prediction()
                                         ~~~~~~~~~~~~~~~~~~~~~~~~~~~~~~~~~~~~~^^
  File "C:\Projects\medidor\gui.py", line 1530, in _load_latest_download_prediction
    with psycopg.connect(conninfo=conninfo) as conn:
         ~~~~~~~~~~~~~~~^^^^^^^^^^^^^^^^^^^
  File "C:\Projects\medidor\.venv\Lib\site-packages\psycopg\connection.py", line 129, in connect
    raise type(last_ex)("\n".join(lines)).with_traceback(None)
psycopg.OperationalError: connection failed: connection to server at "127.0.0.1", port 5432 failed: fe_sendauth: no password supplied
Multiple connection attempts failed. All failures were:
- host: 'localhost', port: '5432', hostaddr: '::1': connection failed: connection to server at "::1", port 5432 failed: fe_sendauth: no password supplied
- host: 'localhost', port: '5432', hostaddr: '127.0.0.1': connection failed: connection to server at "127.0.0.1", port 5432 failed: fe_sendauth: no password supplied
2026-02-12 15:46:33,422 | INFO | MainThread | MEDIDOR GUI startup
2026-02-12 15:46:34,896 | ERROR | MainThread | Prediction history chart refresh failed
Traceback (most recent call last):
  File "C:\Projects\medidor\gui.py", line 1747, in _refresh_prediction_history_chart
    timestamps, values = self._load_prediction_history(limit=1000)
                         ~~~~~~~~~~~~~~~~~~~~~~~~~~~~~^^^^^^^^^^^^
  File "C:\Projects\medidor\gui.py", line 1489, in _load_prediction_history
    with psycopg.connect(conninfo=conninfo) as conn:
         ~~~~~~~~~~~~~~~^^^^^^^^^^^^^^^^^^^
  File "C:\Projects\medidor\.venv\Lib\site-packages\psycopg\connection.py", line 129, in connect
    raise type(last_ex)("\n".join(lines)).with_traceback(None)
psycopg.OperationalError: connection failed: connection to server at "127.0.0.1", port 5432 failed: fe_sendauth: no password supplied
Multiple connection attempts failed. All failures were:
- host: 'localhost', port: '5432', hostaddr: '::1': connection failed: connection to server at "::1", port 5432 failed: fe_sendauth: no password supplied
- host: 'localhost', port: '5432', hostaddr: '127.0.0.1': connection failed: connection to server at "127.0.0.1", port 5432 failed: fe_sendauth: no password supplied
2026-02-12 15:46:34,995 | ERROR | MainThread | Model health refresh failed
Traceback (most recent call last):
  File "C:\Projects\medidor\gui.py", line 1650, in _refresh_model_health
    metrics = self._load_model_health(limit=60)
  File "C:\Projects\medidor\gui.py", line 1596, in _load_model_health
    with psycopg.connect(conninfo=conninfo) as conn:
         ~~~~~~~~~~~~~~~^^^^^^^^^^^^^^^^^^^
  File "C:\Projects\medidor\.venv\Lib\site-packages\psycopg\connection.py", line 129, in connect
    raise type(last_ex)("\n".join(lines)).with_traceback(None)
psycopg.OperationalError: connection failed: connection to server at "127.0.0.1", port 5432 failed: fe_sendauth: no password supplied
Multiple connection attempts failed. All failures were:
- host: 'localhost', port: '5432', hostaddr: '::1': connection failed: connection to server at "::1", port 5432 failed: fe_sendauth: no password supplied
- host: 'localhost', port: '5432', hostaddr: '127.0.0.1': connection failed: connection to server at "127.0.0.1", port 5432 failed: fe_sendauth: no password supplied
2026-02-12 15:46:35,093 | ERROR | MainThread | Latest prediction refresh failed
Traceback (most recent call last):
  File "C:\Projects\medidor\gui.py", line 1687, in _refresh_last_predicted_download
    value, predicted_ts, model_version = self._load_latest_download_prediction()
                                         ~~~~~~~~~~~~~~~~~~~~~~~~~~~~~~~~~~~~~^^
  File "C:\Projects\medidor\gui.py", line 1530, in _load_latest_download_prediction
    with psycopg.connect(conninfo=conninfo) as conn:
         ~~~~~~~~~~~~~~~^^^^^^^^^^^^^^^^^^^
  File "C:\Projects\medidor\.venv\Lib\site-packages\psycopg\connection.py", line 129, in connect
    raise type(last_ex)("\n".join(lines)).with_traceback(None)
psycopg.OperationalError: connection failed: connection to server at "127.0.0.1", port 5432 failed: fe_sendauth: no password supplied
Multiple connection attempts failed. All failures were:
- host: 'localhost', port: '5432', hostaddr: '::1': connection failed: connection to server at "::1", port 5432 failed: fe_sendauth: no password supplied
- host: 'localhost', port: '5432', hostaddr: '127.0.0.1': connection failed: connection to server at "127.0.0.1", port 5432 failed: fe_sendauth: no password supplied
2026-02-12 16:36:10,220 | INFO | MainThread | MEDIDOR GUI startup
2026-02-12 16:36:11,592 | ERROR | MainThread | Prediction history chart refresh failed
Traceback (most recent call last):
  File "C:\Projects\medidor\gui.py", line 1747, in _refresh_prediction_history_chart
    timestamps, values = self._load_prediction_history(limit=1000)
                         ~~~~~~~~~~~~~~~~~~~~~~~~~~~~~^^^^^^^^^^^^
  File "C:\Projects\medidor\gui.py", line 1489, in _load_prediction_history
    with psycopg.connect(conninfo=conninfo) as conn:
         ~~~~~~~~~~~~~~~^^^^^^^^^^^^^^^^^^^
  File "C:\Projects\medidor\.venv\Lib\site-packages\psycopg\connection.py", line 129, in connect
    raise type(last_ex)("\n".join(lines)).with_traceback(None)
psycopg.OperationalError: connection failed: connection to server at "127.0.0.1", port 5432 failed: fe_sendauth: no password supplied
Multiple connection attempts failed. All failures were:
- host: 'localhost', port: '5432', hostaddr: '::1': connection failed: connection to server at "::1", port 5432 failed: fe_sendauth: no password supplied
- host: 'localhost', port: '5432', hostaddr: '127.0.0.1': connection failed: connection to server at "127.0.0.1", port 5432 failed: fe_sendauth: no password supplied
2026-02-12 16:36:11,719 | ERROR | MainThread | Model health refresh failed
Traceback (most recent call last):
  File "C:\Projects\medidor\gui.py", line 1650, in _refresh_model_health
    metrics = self._load_model_health(limit=60)
  File "C:\Projects\medidor\gui.py", line 1596, in _load_model_health
    with psycopg.connect(conninfo=conninfo) as conn:
         ~~~~~~~~~~~~~~~^^^^^^^^^^^^^^^^^^^
  File "C:\Projects\medidor\.venv\Lib\site-packages\psycopg\connection.py", line 129, in connect
    raise type(last_ex)("\n".join(lines)).with_traceback(None)
psycopg.OperationalError: connection failed: connection to server at "127.0.0.1", port 5432 failed: fe_sendauth: no password supplied
Multiple connection attempts failed. All failures were:
- host: 'localhost', port: '5432', hostaddr: '::1': connection failed: connection to server at "::1", port 5432 failed: fe_sendauth: no password supplied
- host: 'localhost', port: '5432', hostaddr: '127.0.0.1': connection failed: connection to server at "127.0.0.1", port 5432 failed: fe_sendauth: no password supplied
2026-02-12 16:36:11,858 | ERROR | MainThread | Latest prediction refresh failed
Traceback (most recent call last):
  File "C:\Projects\medidor\gui.py", line 1687, in _refresh_last_predicted_download
    value, predicted_ts, model_version = self._load_latest_download_prediction()
                                         ~~~~~~~~~~~~~~~~~~~~~~~~~~~~~~~~~~~~~^^
  File "C:\Projects\medidor\gui.py", line 1530, in _load_latest_download_prediction
    with psycopg.connect(conninfo=conninfo) as conn:
         ~~~~~~~~~~~~~~~^^^^^^^^^^^^^^^^^^^
  File "C:\Projects\medidor\.venv\Lib\site-packages\psycopg\connection.py", line 129, in connect
    raise type(last_ex)("\n".join(lines)).with_traceback(None)
psycopg.OperationalError: connection failed: connection to server at "127.0.0.1", port 5432 failed: fe_sendauth: no password supplied
Multiple connection attempts failed. All failures were:
- host: 'localhost', port: '5432', hostaddr: '::1': connection failed: connection to server at "::1", port 5432 failed: fe_sendauth: no password supplied
- host: 'localhost', port: '5432', hostaddr: '127.0.0.1': connection failed: connection to server at "127.0.0.1", port 5432 failed: fe_sendauth: no password supplied
2026-02-12 16:46:21,988 | INFO | MainThread | MEDIDOR GUI startup
2026-02-12 16:46:23,333 | ERROR | MainThread | Prediction history chart refresh failed
Traceback (most recent call last):
  File "C:\Projects\medidor\gui.py", line 1795, in _refresh_prediction_history_chart
    timestamps, values = self._load_prediction_history(limit=1000)
                         ~~~~~~~~~~~~~~~~~~~~~~~~~~~~~^^^^^^^^^^^^
  File "C:\Projects\medidor\gui.py", line 1537, in _load_prediction_history
    with psycopg.connect(conninfo=conninfo) as conn:
         ~~~~~~~~~~~~~~~^^^^^^^^^^^^^^^^^^^
  File "C:\Projects\medidor\.venv\Lib\site-packages\psycopg\connection.py", line 129, in connect
    raise type(last_ex)("\n".join(lines)).with_traceback(None)
psycopg.OperationalError: connection failed: connection to server at "127.0.0.1", port 5432 failed: fe_sendauth: no password supplied
Multiple connection attempts failed. All failures were:
- host: 'localhost', port: '5432', hostaddr: '::1': connection failed: connection to server at "::1", port 5432 failed: fe_sendauth: no password supplied
- host: 'localhost', port: '5432', hostaddr: '127.0.0.1': connection failed: connection to server at "127.0.0.1", port 5432 failed: fe_sendauth: no password supplied
2026-02-12 16:46:23,773 | ERROR | MainThread | Model health refresh failed
Traceback (most recent call last):
  File "C:\Projects\medidor\gui.py", line 1698, in _refresh_model_health
    metrics = self._load_model_health(limit=60)
  File "C:\Projects\medidor\gui.py", line 1644, in _load_model_health
    with psycopg.connect(conninfo=conninfo) as conn:
         ~~~~~~~~~~~~~~~^^^^^^^^^^^^^^^^^^^
  File "C:\Projects\medidor\.venv\Lib\site-packages\psycopg\connection.py", line 129, in connect
    raise type(last_ex)("\n".join(lines)).with_traceback(None)
psycopg.OperationalError: connection failed: connection to server at "127.0.0.1", port 5432 failed: fe_sendauth: no password supplied
Multiple connection attempts failed. All failures were:
- host: 'localhost', port: '5432', hostaddr: '::1': connection failed: connection to server at "::1", port 5432 failed: fe_sendauth: no password supplied
- host: 'localhost', port: '5432', hostaddr: '127.0.0.1': connection failed: connection to server at "127.0.0.1", port 5432 failed: fe_sendauth: no password supplied
2026-02-12 16:46:23,877 | ERROR | MainThread | Latest prediction refresh failed
Traceback (most recent call last):
  File "C:\Projects\medidor\gui.py", line 1735, in _refresh_last_predicted_download
    value, predicted_ts, model_version = self._load_latest_download_prediction()
                                         ~~~~~~~~~~~~~~~~~~~~~~~~~~~~~~~~~~~~~^^
  File "C:\Projects\medidor\gui.py", line 1578, in _load_latest_download_prediction
    with psycopg.connect(conninfo=conninfo) as conn:
         ~~~~~~~~~~~~~~~^^^^^^^^^^^^^^^^^^^
  File "C:\Projects\medidor\.venv\Lib\site-packages\psycopg\connection.py", line 129, in connect
    raise type(last_ex)("\n".join(lines)).with_traceback(None)
psycopg.OperationalError: connection failed: connection to server at "127.0.0.1", port 5432 failed: fe_sendauth: no password supplied
Multiple connection attempts failed. All failures were:
- host: 'localhost', port: '5432', hostaddr: '::1': connection failed: connection to server at "::1", port 5432 failed: fe_sendauth: no password supplied
- host: 'localhost', port: '5432', hostaddr: '127.0.0.1': connection failed: connection to server at "127.0.0.1", port 5432 failed: fe_sendauth: no password supplied
2026-02-12 17:02:40,942 | INFO | MainThread | MEDIDOR GUI startup
2026-02-12 17:02:42,691 | ERROR | MainThread | Prediction history chart refresh failed
Traceback (most recent call last):
  File "C:\Projects\medidor\gui.py", line 1976, in _refresh_prediction_history_chart
    timestamps, values = self._load_prediction_history(limit=1000)
                         ~~~~~~~~~~~~~~~~~~~~~~~~~~~~~^^^^^^^^^^^^
  File "C:\Projects\medidor\gui.py", line 1718, in _load_prediction_history
    with psycopg.connect(conninfo=conninfo) as conn:
         ~~~~~~~~~~~~~~~^^^^^^^^^^^^^^^^^^^
  File "C:\Projects\medidor\.venv\Lib\site-packages\psycopg\connection.py", line 129, in connect
    raise type(last_ex)("\n".join(lines)).with_traceback(None)
psycopg.OperationalError: connection failed: connection to server at "127.0.0.1", port 5432 failed: fe_sendauth: no password supplied
Multiple connection attempts failed. All failures were:
- host: 'localhost', port: '5432', hostaddr: '::1': connection failed: connection to server at "::1", port 5432 failed: fe_sendauth: no password supplied
- host: 'localhost', port: '5432', hostaddr: '127.0.0.1': connection failed: connection to server at "127.0.0.1", port 5432 failed: fe_sendauth: no password supplied
2026-02-12 17:02:43,432 | ERROR | MainThread | Model health refresh failed
Traceback (most recent call last):
  File "C:\Projects\medidor\gui.py", line 1879, in _refresh_model_health
    metrics = self._load_model_health(limit=60)
  File "C:\Projects\medidor\gui.py", line 1825, in _load_model_health
    with psycopg.connect(conninfo=conninfo) as conn:
         ~~~~~~~~~~~~~~~^^^^^^^^^^^^^^^^^^^
  File "C:\Projects\medidor\.venv\Lib\site-packages\psycopg\connection.py", line 129, in connect
    raise type(last_ex)("\n".join(lines)).with_traceback(None)
psycopg.OperationalError: connection failed: connection to server at "127.0.0.1", port 5432 failed: fe_sendauth: no password supplied
Multiple connection attempts failed. All failures were:
- host: 'localhost', port: '5432', hostaddr: '::1': connection failed: connection to server at "::1", port 5432 failed: fe_sendauth: no password supplied
- host: 'localhost', port: '5432', hostaddr: '127.0.0.1': connection failed: connection to server at "127.0.0.1", port 5432 failed: fe_sendauth: no password supplied
2026-02-12 17:02:43,613 | ERROR | MainThread | Latest prediction refresh failed
Traceback (most recent call last):
  File "C:\Projects\medidor\gui.py", line 1916, in _refresh_last_predicted_download
    value, predicted_ts, model_version = self._load_latest_download_prediction()
                                         ~~~~~~~~~~~~~~~~~~~~~~~~~~~~~~~~~~~~~^^
  File "C:\Projects\medidor\gui.py", line 1759, in _load_latest_download_prediction
    with psycopg.connect(conninfo=conninfo) as conn:
         ~~~~~~~~~~~~~~~^^^^^^^^^^^^^^^^^^^
  File "C:\Projects\medidor\.venv\Lib\site-packages\psycopg\connection.py", line 129, in connect
    raise type(last_ex)("\n".join(lines)).with_traceback(None)
psycopg.OperationalError: connection failed: connection to server at "127.0.0.1", port 5432 failed: fe_sendauth: no password supplied
Multiple connection attempts failed. All failures were:
- host: 'localhost', port: '5432', hostaddr: '::1': connection failed: connection to server at "::1", port 5432 failed: fe_sendauth: no password supplied
- host: 'localhost', port: '5432', hostaddr: '127.0.0.1': connection failed: connection to server at "127.0.0.1", port 5432 failed: fe_sendauth: no password supplied
2026-02-12 17:07:57,963 | INFO | MainThread | MEDIDOR GUI startup
2026-02-12 17:07:59,033 | ERROR | MainThread | Prediction history chart refresh failed
Traceback (most recent call last):
  File "C:\Projects\medidor\gui.py", line 2005, in _refresh_prediction_history_chart
    timestamps, values = self._load_prediction_history(limit=1000)
                         ~~~~~~~~~~~~~~~~~~~~~~~~~~~~~^^^^^^^^^^^^
  File "C:\Projects\medidor\gui.py", line 1747, in _load_prediction_history
    with psycopg.connect(conninfo=conninfo) as conn:
         ~~~~~~~~~~~~~~~^^^^^^^^^^^^^^^^^^^
  File "C:\Projects\medidor\.venv\Lib\site-packages\psycopg\connection.py", line 129, in connect
    raise type(last_ex)("\n".join(lines)).with_traceback(None)
psycopg.OperationalError: connection failed: connection to server at "127.0.0.1", port 5432 failed: fe_sendauth: no password supplied
Multiple connection attempts failed. All failures were:
- host: 'localhost', port: '5432', hostaddr: '::1': connection failed: connection to server at "::1", port 5432 failed: fe_sendauth: no password supplied
- host: 'localhost', port: '5432', hostaddr: '127.0.0.1': connection failed: connection to server at "127.0.0.1", port 5432 failed: fe_sendauth: no password supplied
2026-02-12 17:07:59,462 | ERROR | MainThread | Model health refresh failed
Traceback (most recent call last):
  File "C:\Projects\medidor\gui.py", line 1908, in _refresh_model_health
    metrics = self._load_model_health(limit=60)
  File "C:\Projects\medidor\gui.py", line 1854, in _load_model_health
    with psycopg.connect(conninfo=conninfo) as conn:
         ~~~~~~~~~~~~~~~^^^^^^^^^^^^^^^^^^^
  File "C:\Projects\medidor\.venv\Lib\site-packages\psycopg\connection.py", line 129, in connect
    raise type(last_ex)("\n".join(lines)).with_traceback(None)
psycopg.OperationalError: connection failed: connection to server at "127.0.0.1", port 5432 failed: fe_sendauth: no password supplied
Multiple connection attempts failed. All failures were:
- host: 'localhost', port: '5432', hostaddr: '::1': connection failed: connection to server at "::1", port 5432 failed: fe_sendauth: no password supplied
- host: 'localhost', port: '5432', hostaddr: '127.0.0.1': connection failed: connection to server at "127.0.0.1", port 5432 failed: fe_sendauth: no password supplied
2026-02-12 17:07:59,580 | ERROR | MainThread | Latest prediction refresh failed
Traceback (most recent call last):
  File "C:\Projects\medidor\gui.py", line 1945, in _refresh_last_predicted_download
    value, predicted_ts, model_version = self._load_latest_download_prediction()
                                         ~~~~~~~~~~~~~~~~~~~~~~~~~~~~~~~~~~~~~^^
  File "C:\Projects\medidor\gui.py", line 1788, in _load_latest_download_prediction
    with psycopg.connect(conninfo=conninfo) as conn:
         ~~~~~~~~~~~~~~~^^^^^^^^^^^^^^^^^^^
  File "C:\Projects\medidor\.venv\Lib\site-packages\psycopg\connection.py", line 129, in connect
    raise type(last_ex)("\n".join(lines)).with_traceback(None)
psycopg.OperationalError: connection failed: connection to server at "127.0.0.1", port 5432 failed: fe_sendauth: no password supplied
Multiple connection attempts failed. All failures were:
- host: 'localhost', port: '5432', hostaddr: '::1': connection failed: connection to server at "::1", port 5432 failed: fe_sendauth: no password supplied
- host: 'localhost', port: '5432', hostaddr: '127.0.0.1': connection failed: connection to server at "127.0.0.1", port 5432 failed: fe_sendauth: no password supplied
2026-02-12 17:08:20,195 | ERROR | Thread-1 (_worker_predict) | Saving prediction to PostgreSQL failed
Traceback (most recent call last):
  File "C:\Projects\medidor\gui.py", line 1349, in _worker_predict
    append_prediction_postgres(
    ~~~~~~~~~~~~~~~~~~~~~~~~~~^
        sample=predicted_sample,
        ^^^^^^^^^^^^^^^^^^^^^^^^
    ...<10 lines>...
        input_source=str(input_path),
        ^^^^^^^^^^^^^^^^^^^^^^^^^^^^^
    )
    ^
  File "C:\Projects\medidor\main.py", line 235, in append_prediction_postgres
    with psycopg.connect(conninfo=conninfo) as conn:
         ~~~~~~~~~~~~~~~^^^^^^^^^^^^^^^^^^^
  File "C:\Projects\medidor\.venv\Lib\site-packages\psycopg\connection.py", line 129, in connect
    raise type(last_ex)("\n".join(lines)).with_traceback(None)
psycopg.OperationalError: connection failed: connection to server at "127.0.0.1", port 5432 failed: fe_sendauth: no password supplied
Multiple connection attempts failed. All failures were:
- host: 'localhost', port: '5432', hostaddr: '::1': connection failed: connection to server at "::1", port 5432 failed: fe_sendauth: no password supplied
- host: 'localhost', port: '5432', hostaddr: '127.0.0.1': connection failed: connection to server at "127.0.0.1", port 5432 failed: fe_sendauth: no password supplied
2026-02-12 17:08:20,492 | ERROR | MainThread | Prediction history chart refresh failed
Traceback (most recent call last):
  File "C:\Projects\medidor\gui.py", line 2005, in _refresh_prediction_history_chart
    timestamps, values = self._load_prediction_history(limit=1000)
                         ~~~~~~~~~~~~~~~~~~~~~~~~~~~~~^^^^^^^^^^^^
  File "C:\Projects\medidor\gui.py", line 1747, in _load_prediction_history
    with psycopg.connect(conninfo=conninfo) as conn:
         ~~~~~~~~~~~~~~~^^^^^^^^^^^^^^^^^^^
  File "C:\Projects\medidor\.venv\Lib\site-packages\psycopg\connection.py", line 129, in connect
    raise type(last_ex)("\n".join(lines)).with_traceback(None)
psycopg.OperationalError: connection failed: connection to server at "127.0.0.1", port 5432 failed: fe_sendauth: no password supplied
Multiple connection attempts failed. All failures were:
- host: 'localhost', port: '5432', hostaddr: '::1': connection failed: connection to server at "::1", port 5432 failed: fe_sendauth: no password supplied
- host: 'localhost', port: '5432', hostaddr: '127.0.0.1': connection failed: connection to server at "127.0.0.1", port 5432 failed: fe_sendauth: no password supplied
2026-02-12 17:08:20,755 | ERROR | MainThread | Model health refresh failed
Traceback (most recent call last):
  File "C:\Projects\medidor\gui.py", line 1908, in _refresh_model_health
    metrics = self._load_model_health(limit=60)
  File "C:\Projects\medidor\gui.py", line 1854, in _load_model_health
    with psycopg.connect(conninfo=conninfo) as conn:
         ~~~~~~~~~~~~~~~^^^^^^^^^^^^^^^^^^^
  File "C:\Projects\medidor\.venv\Lib\site-packages\psycopg\connection.py", line 129, in connect
    raise type(last_ex)("\n".join(lines)).with_traceback(None)
psycopg.OperationalError: connection failed: connection to server at "127.0.0.1", port 5432 failed: fe_sendauth: no password supplied
Multiple connection attempts failed. All failures were:
- host: 'localhost', port: '5432', hostaddr: '::1': connection failed: connection to server at "::1", port 5432 failed: fe_sendauth: no password supplied
- host: 'localhost', port: '5432', hostaddr: '127.0.0.1': connection failed: connection to server at "127.0.0.1", port 5432 failed: fe_sendauth: no password supplied
2026-02-12 17:08:33,665 | ERROR | Thread-2 (_worker_predict) | Saving prediction to PostgreSQL failed
Traceback (most recent call last):
  File "C:\Projects\medidor\gui.py", line 1349, in _worker_predict
    append_prediction_postgres(
    ~~~~~~~~~~~~~~~~~~~~~~~~~~^
        sample=predicted_sample,
        ^^^^^^^^^^^^^^^^^^^^^^^^
    ...<10 lines>...
        input_source=str(input_path),
        ^^^^^^^^^^^^^^^^^^^^^^^^^^^^^
    )
    ^
  File "C:\Projects\medidor\main.py", line 235, in append_prediction_postgres
    with psycopg.connect(conninfo=conninfo) as conn:
         ~~~~~~~~~~~~~~~^^^^^^^^^^^^^^^^^^^
  File "C:\Projects\medidor\.venv\Lib\site-packages\psycopg\connection.py", line 129, in connect
    raise type(last_ex)("\n".join(lines)).with_traceback(None)
psycopg.OperationalError: connection failed: connection to server at "127.0.0.1", port 5432 failed: fe_sendauth: no password supplied
Multiple connection attempts failed. All failures were:
- host: 'localhost', port: '5432', hostaddr: '::1': connection failed: connection to server at "::1", port 5432 failed: fe_sendauth: no password supplied
- host: 'localhost', port: '5432', hostaddr: '127.0.0.1': connection failed: connection to server at "127.0.0.1", port 5432 failed: fe_sendauth: no password supplied
2026-02-12 17:08:34,057 | ERROR | MainThread | Prediction history chart refresh failed
Traceback (most recent call last):
  File "C:\Projects\medidor\gui.py", line 2005, in _refresh_prediction_history_chart
    timestamps, values = self._load_prediction_history(limit=1000)
                         ~~~~~~~~~~~~~~~~~~~~~~~~~~~~~^^^^^^^^^^^^
  File "C:\Projects\medidor\gui.py", line 1747, in _load_prediction_history
    with psycopg.connect(conninfo=conninfo) as conn:
         ~~~~~~~~~~~~~~~^^^^^^^^^^^^^^^^^^^
  File "C:\Projects\medidor\.venv\Lib\site-packages\psycopg\connection.py", line 129, in connect
    raise type(last_ex)("\n".join(lines)).with_traceback(None)
psycopg.OperationalError: connection failed: connection to server at "127.0.0.1", port 5432 failed: fe_sendauth: no password supplied
Multiple connection attempts failed. All failures were:
- host: 'localhost', port: '5432', hostaddr: '::1': connection failed: connection to server at "::1", port 5432 failed: fe_sendauth: no password supplied
- host: 'localhost', port: '5432', hostaddr: '127.0.0.1': connection failed: connection to server at "127.0.0.1", port 5432 failed: fe_sendauth: no password supplied
2026-02-12 17:08:34,311 | ERROR | MainThread | Model health refresh failed
Traceback (most recent call last):
  File "C:\Projects\medidor\gui.py", line 1908, in _refresh_model_health
    metrics = self._load_model_health(limit=60)
  File "C:\Projects\medidor\gui.py", line 1854, in _load_model_health
    with psycopg.connect(conninfo=conninfo) as conn:
         ~~~~~~~~~~~~~~~^^^^^^^^^^^^^^^^^^^
  File "C:\Projects\medidor\.venv\Lib\site-packages\psycopg\connection.py", line 129, in connect
    raise type(last_ex)("\n".join(lines)).with_traceback(None)
psycopg.OperationalError: connection failed: connection to server at "127.0.0.1", port 5432 failed: fe_sendauth: no password supplied
Multiple connection attempts failed. All failures were:
- host: 'localhost', port: '5432', hostaddr: '::1': connection failed: connection to server at "::1", port 5432 failed: fe_sendauth: no password supplied
- host: 'localhost', port: '5432', hostaddr: '127.0.0.1': connection failed: connection to server at "127.0.0.1", port 5432 failed: fe_sendauth: no password supplied
2026-02-12 17:13:32,162 | INFO | MainThread | MEDIDOR GUI startup
2026-02-12 17:13:33,221 | ERROR | MainThread | Prediction history chart refresh failed
Traceback (most recent call last):
  File "C:\Projects\medidor\gui.py", line 2005, in _refresh_prediction_history_chart
    timestamps, values = self._load_prediction_history(limit=1000)
                         ~~~~~~~~~~~~~~~~~~~~~~~~~~~~~^^^^^^^^^^^^
  File "C:\Projects\medidor\gui.py", line 1747, in _load_prediction_history
    with psycopg.connect(conninfo=conninfo) as conn:
         ~~~~~~~~~~~~~~~^^^^^^^^^^^^^^^^^^^
  File "C:\Projects\medidor\.venv\Lib\site-packages\psycopg\connection.py", line 129, in connect
    raise type(last_ex)("\n".join(lines)).with_traceback(None)
psycopg.OperationalError: connection failed: connection to server at "127.0.0.1", port 5432 failed: fe_sendauth: no password supplied
Multiple connection attempts failed. All failures were:
- host: 'localhost', port: '5432', hostaddr: '::1': connection failed: connection to server at "::1", port 5432 failed: fe_sendauth: no password supplied
- host: 'localhost', port: '5432', hostaddr: '127.0.0.1': connection failed: connection to server at "127.0.0.1", port 5432 failed: fe_sendauth: no password supplied
2026-02-12 17:13:33,547 | ERROR | MainThread | Model health refresh failed
Traceback (most recent call last):
  File "C:\Projects\medidor\gui.py", line 1908, in _refresh_model_health
    metrics = self._load_model_health(limit=60)
  File "C:\Projects\medidor\gui.py", line 1854, in _load_model_health
    with psycopg.connect(conninfo=conninfo) as conn:
         ~~~~~~~~~~~~~~~^^^^^^^^^^^^^^^^^^^
  File "C:\Projects\medidor\.venv\Lib\site-packages\psycopg\connection.py", line 129, in connect
    raise type(last_ex)("\n".join(lines)).with_traceback(None)
psycopg.OperationalError: connection failed: connection to server at "127.0.0.1", port 5432 failed: fe_sendauth: no password supplied
Multiple connection attempts failed. All failures were:
- host: 'localhost', port: '5432', hostaddr: '::1': connection failed: connection to server at "::1", port 5432 failed: fe_sendauth: no password supplied
- host: 'localhost', port: '5432', hostaddr: '127.0.0.1': connection failed: connection to server at "127.0.0.1", port 5432 failed: fe_sendauth: no password supplied
2026-02-12 17:13:33,646 | ERROR | MainThread | Latest prediction refresh failed
Traceback (most recent call last):
  File "C:\Projects\medidor\gui.py", line 1945, in _refresh_last_predicted_download
    value, predicted_ts, model_version = self._load_latest_download_prediction()
                                         ~~~~~~~~~~~~~~~~~~~~~~~~~~~~~~~~~~~~~^^
  File "C:\Projects\medidor\gui.py", line 1788, in _load_latest_download_prediction
    with psycopg.connect(conninfo=conninfo) as conn:
         ~~~~~~~~~~~~~~~^^^^^^^^^^^^^^^^^^^
  File "C:\Projects\medidor\.venv\Lib\site-packages\psycopg\connection.py", line 129, in connect
    raise type(last_ex)("\n".join(lines)).with_traceback(None)
psycopg.OperationalError: connection failed: connection to server at "127.0.0.1", port 5432 failed: fe_sendauth: no password supplied
Multiple connection attempts failed. All failures were:
- host: 'localhost', port: '5432', hostaddr: '::1': connection failed: connection to server at "::1", port 5432 failed: fe_sendauth: no password supplied
- host: 'localhost', port: '5432', hostaddr: '127.0.0.1': connection failed: connection to server at "127.0.0.1", port 5432 failed: fe_sendauth: no password supplied
2026-02-12 17:21:49,800 | INFO | MainThread | MEDIDOR GUI startup
2026-02-12 17:21:50,905 | ERROR | MainThread | Prediction history chart refresh failed
Traceback (most recent call last):
  File "C:\Projects\medidor\gui.py", line 2005, in _refresh_prediction_history_chart
    timestamps, values = self._load_prediction_history(limit=1000)
                         ~~~~~~~~~~~~~~~~~~~~~~~~~~~~~^^^^^^^^^^^^
  File "C:\Projects\medidor\gui.py", line 1747, in _load_prediction_history
    with psycopg.connect(conninfo=conninfo) as conn:
         ~~~~~~~~~~~~~~~^^^^^^^^^^^^^^^^^^^
  File "C:\Projects\medidor\.venv\Lib\site-packages\psycopg\connection.py", line 129, in connect
    raise type(last_ex)("\n".join(lines)).with_traceback(None)
psycopg.OperationalError: connection failed: connection to server at "127.0.0.1", port 5432 failed: fe_sendauth: no password supplied
Multiple connection attempts failed. All failures were:
- host: 'localhost', port: '5432', hostaddr: '::1': connection failed: connection to server at "::1", port 5432 failed: fe_sendauth: no password supplied
- host: 'localhost', port: '5432', hostaddr: '127.0.0.1': connection failed: connection to server at "127.0.0.1", port 5432 failed: fe_sendauth: no password supplied
2026-02-12 17:21:51,347 | ERROR | MainThread | Model health refresh failed
Traceback (most recent call last):
  File "C:\Projects\medidor\gui.py", line 1908, in _refresh_model_health
    metrics = self._load_model_health(limit=60)
  File "C:\Projects\medidor\gui.py", line 1854, in _load_model_health
    with psycopg.connect(conninfo=conninfo) as conn:
         ~~~~~~~~~~~~~~~^^^^^^^^^^^^^^^^^^^
  File "C:\Projects\medidor\.venv\Lib\site-packages\psycopg\connection.py", line 129, in connect
    raise type(last_ex)("\n".join(lines)).with_traceback(None)
psycopg.OperationalError: connection failed: connection to server at "127.0.0.1", port 5432 failed: fe_sendauth: no password supplied
Multiple connection attempts failed. All failures were:
- host: 'localhost', port: '5432', hostaddr: '::1': connection failed: connection to server at "::1", port 5432 failed: fe_sendauth: no password supplied
- host: 'localhost', port: '5432', hostaddr: '127.0.0.1': connection failed: connection to server at "127.0.0.1", port 5432 failed: fe_sendauth: no password supplied
2026-02-12 17:21:51,455 | ERROR | MainThread | Latest prediction refresh failed
Traceback (most recent call last):
  File "C:\Projects\medidor\gui.py", line 1945, in _refresh_last_predicted_download
    value, predicted_ts, model_version = self._load_latest_download_prediction()
                                         ~~~~~~~~~~~~~~~~~~~~~~~~~~~~~~~~~~~~~^^
  File "C:\Projects\medidor\gui.py", line 1788, in _load_latest_download_prediction
    with psycopg.connect(conninfo=conninfo) as conn:
         ~~~~~~~~~~~~~~~^^^^^^^^^^^^^^^^^^^
  File "C:\Projects\medidor\.venv\Lib\site-packages\psycopg\connection.py", line 129, in connect
    raise type(last_ex)("\n".join(lines)).with_traceback(None)
psycopg.OperationalError: connection failed: connection to server at "127.0.0.1", port 5432 failed: fe_sendauth: no password supplied
Multiple connection attempts failed. All failures were:
- host: 'localhost', port: '5432', hostaddr: '::1': connection failed: connection to server at "::1", port 5432 failed: fe_sendauth: no password supplied
- host: 'localhost', port: '5432', hostaddr: '127.0.0.1': connection failed: connection to server at "127.0.0.1", port 5432 failed: fe_sendauth: no password supplied
2026-02-12 17:30:11,989 | INFO | MainThread | MEDIDOR GUI startup
2026-02-12 17:30:13,248 | ERROR | MainThread | Prediction history chart refresh failed
Traceback (most recent call last):
  File "C:\Projects\medidor\gui.py", line 2041, in _refresh_prediction_history_chart
    timestamps, values = self._load_prediction_history(limit=1000)
                         ~~~~~~~~~~~~~~~~~~~~~~~~~~~~~^^^^^^^^^^^^
  File "C:\Projects\medidor\gui.py", line 1783, in _load_prediction_history
    with psycopg.connect(conninfo=conninfo) as conn:
         ~~~~~~~~~~~~~~~^^^^^^^^^^^^^^^^^^^
  File "C:\Projects\medidor\.venv\Lib\site-packages\psycopg\connection.py", line 129, in connect
    raise type(last_ex)("\n".join(lines)).with_traceback(None)
psycopg.OperationalError: connection failed: connection to server at "127.0.0.1", port 5432 failed: fe_sendauth: no password supplied
Multiple connection attempts failed. All failures were:
- host: 'localhost', port: '5432', hostaddr: '::1': connection failed: connection to server at "::1", port 5432 failed: fe_sendauth: no password supplied
- host: 'localhost', port: '5432', hostaddr: '127.0.0.1': connection failed: connection to server at "127.0.0.1", port 5432 failed: fe_sendauth: no password supplied
2026-02-12 17:30:13,618 | ERROR | MainThread | Model health refresh failed
Traceback (most recent call last):
  File "C:\Projects\medidor\gui.py", line 1944, in _refresh_model_health
    metrics = self._load_model_health(limit=60)
  File "C:\Projects\medidor\gui.py", line 1890, in _load_model_health
    with psycopg.connect(conninfo=conninfo) as conn:
         ~~~~~~~~~~~~~~~^^^^^^^^^^^^^^^^^^^
  File "C:\Projects\medidor\.venv\Lib\site-packages\psycopg\connection.py", line 129, in connect
    raise type(last_ex)("\n".join(lines)).with_traceback(None)
psycopg.OperationalError: connection failed: connection to server at "127.0.0.1", port 5432 failed: fe_sendauth: no password supplied
Multiple connection attempts failed. All failures were:
- host: 'localhost', port: '5432', hostaddr: '::1': connection failed: connection to server at "::1", port 5432 failed: fe_sendauth: no password supplied
- host: 'localhost', port: '5432', hostaddr: '127.0.0.1': connection failed: connection to server at "127.0.0.1", port 5432 failed: fe_sendauth: no password supplied
2026-02-12 17:30:13,719 | ERROR | MainThread | Latest prediction refresh failed
Traceback (most recent call last):
  File "C:\Projects\medidor\gui.py", line 1981, in _refresh_last_predicted_download
    value, predicted_ts, model_version = self._load_latest_download_prediction()
                                         ~~~~~~~~~~~~~~~~~~~~~~~~~~~~~~~~~~~~~^^
  File "C:\Projects\medidor\gui.py", line 1824, in _load_latest_download_prediction
    with psycopg.connect(conninfo=conninfo) as conn:
         ~~~~~~~~~~~~~~~^^^^^^^^^^^^^^^^^^^
  File "C:\Projects\medidor\.venv\Lib\site-packages\psycopg\connection.py", line 129, in connect
    raise type(last_ex)("\n".join(lines)).with_traceback(None)
psycopg.OperationalError: connection failed: connection to server at "127.0.0.1", port 5432 failed: fe_sendauth: no password supplied
Multiple connection attempts failed. All failures were:
- host: 'localhost', port: '5432', hostaddr: '::1': connection failed: connection to server at "::1", port 5432 failed: fe_sendauth: no password supplied
- host: 'localhost', port: '5432', hostaddr: '127.0.0.1': connection failed: connection to server at "127.0.0.1", port 5432 failed: fe_sendauth: no password supplied
